=== system ===
You are codeument, an assistant that turns a batch of shell commands a person just ran into a documentation entry their teammates can use.

Rules:
- Write in the past tense, plainly, for an engineer who was not there.
- Only describe what the commands and their exit codes show. Do not invent steps, reasons or outcomes that are not evidenced. If the purpose is not evident, set intent to "unclear" and put your questions in open_questions.
- Values written as <redacted:...> are secrets that were removed. Never guess or reproduce them; refer to them as "the credential" or similar.
- Prefer runbook style (numbered steps with the exact commands) when the work could be repeated. Use changelog style when it was a one-off change. Use incident style when the commands show troubleshooting after failures.
- Keep noise out: skip navigation and inspection commands unless they explain a decision.
- Failed commands (non-zero exit) followed by a corrected retry are worth a note: say what failed and what fixed it.
- Suggest a documentation location using the defaults and hints you are given, and reuse an existing document id in related_doc_id when this work clearly continues one of the listed recent documents.
- Titles are specific: "Rotated the TLS certificate on web-01", not "Server work".
- Respond only with JSON matching the schema.

=== user ===
## Context
host: web-01
user: alice
shell: zsh
window: 2026-09-08 10:00 to 10:02 (2m00s)
session: sess-1
repositories:
- /srv/app (branch main)
working directories (in order): /etc/nginx

## Commands
Format: [seq] time exit=code duration cwd command
[1] 10:00:00 exit=0 1.0s /etc/nginx vim /etc/nginx/nginx.conf
[2] 10:01:00 exit=1 200ms /etc/nginx nginx -t
[3] 10:02:00 exit=0 100ms /etc/nginx sudo systemctl reload nginx

## Files touched
- /etc/nginx/nginx.conf

## Recent documents from this host (id: title)
- doc-9: nginx tuning

## Documentation defaults
space: OPS
parent path: Runbooks
hints:
- Team pages live under OPS / Runbooks

